<html><body><div id="navigation">
        This is navigation
        <ul>
            <!-- __BLOCK__ -->                In step
                <li class="" wire:click="showStep('first-step')">First step</li>
                            In step
                <li class="text-bold">Second step</li>
                            In step
                <li class="">Third step</li>
             <!-- __ENDBLOCK__ -->
        </ul>
    </div></body></html>
